// Jest Snapshot v1, https://goo.gl/fbAQLP

exports[`Render Build Shop Snapshot 1`] = `ShallowWrapper {}`;
