// Jest Snapshot v1, https://goo.gl/fbAQLP

exports[`Render Build Card Snapshot 1`] = `ShallowWrapper {}`;
