// Jest Snapshot v1, https://goo.gl/fbAQLP

exports[`Render Build Counter Snapshot 1`] = `ShallowWrapper {}`;
