// Jest Snapshot v1, https://goo.gl/fbAQLP

exports[`Render Build SearchBar Snapshot 1`] = `ShallowWrapper {}`;
