// Jest Snapshot v1, https://goo.gl/fbAQLP

exports[`Render Build Header Snapshot 1`] = `
<div
  className="sc-jSgupP juqtVP"
/>
`;
