// Jest Snapshot v1, https://goo.gl/fbAQLP

exports[`Render Build Icon Button Snapshot 1`] = `ShallowWrapper {}`;
