// Jest Snapshot v1, https://goo.gl/fbAQLP

exports[`Render Build Checkout Snapshot 1`] = `ShallowWrapper {}`;
