// Jest Snapshot v1, https://goo.gl/fbAQLP

exports[`Render Build CheckItem Snapshot 1`] = `ShallowWrapper {}`;
